952648061
811707742
811707742
811707742
771852889
771852889
667310184
667310184
667310184
625961478
607940261
589282336
513645053
513645053
513645053
513555136
513555136
513555136
460017788
460017788
460017788
460017788
460017788
438410867
438410867
460017788
460017788
460017788
481701355
513555136
481701355
481701355
493358672
481701355
481701355
481701355
481701355
480746667
481701355
481701355
493358672
495832349
495832349
495832349
513555136
495832349
495832349
495832349
495832349
495832349
